* using log directory ‘/Volumes/PkgBuild/work/1789988203-aaf71eeb3d404b34/packages/sonoma-arm64/results/4.6/sensortowerR.Rcheck’
* using R version 4.6.1 Patched (2026-07-27 r90311)
* using platform: aarch64-apple-darwin23
* R was compiled by
    Apple clang version 17.0.0 (clang-1700.3.19.1)
    GNU Fortran (GCC) 14.2.0
* running under: macOS Tahoe 26.6
* using session charset: UTF-8
* current time: 2026-09-21 10:57:01 UTC
* checking for file ‘sensortowerR/DESCRIPTION’ ... OK
* this is package ‘sensortowerR’ version ‘2.0.0’
* package encoding: UTF-8
* checking package namespace information ... OK
* checking package dependencies ... OK
* checking if this is a source package ... OK
* checking if there is a namespace ... OK
* checking for executable files ... OK
* checking for hidden files and directories ... OK
* checking for portable file names ... OK
* checking for sufficient/correct file permissions ... OK
* checking whether package ‘sensortowerR’ can be installed ... [1s/1s] OK
* checking installed package size ... OK
* checking package directory ... OK
* checking ‘build’ directory ... OK
* checking DESCRIPTION meta-information ... OK
* checking top-level files ... OK
* checking for left-over files ... OK
* checking index information ... OK
* checking package subdirectories ... OK
* checking code files for non-ASCII characters ... OK
* checking R files for syntax errors ... OK
* checking whether the package can be loaded ... [0s/0s] OK
* checking whether the package can be loaded with stated dependencies ... [0s/0s] OK
* checking whether the package can be unloaded cleanly ... [0s/0s] OK
* checking whether the namespace can be loaded with stated dependencies ... [0s/0s] OK
* checking whether the namespace can be unloaded cleanly ... [0s/0s] OK
* checking loading without being on the library search path ... [0s/0s] OK
* checking dependencies in R code ... OK
* checking S3 generic/method consistency ... OK
* checking replacement functions ... OK
* checking foreign function calls ... OK
* checking R code for possible problems ... [1s/1s] OK
* checking Rd files ... [0s/0s] OK
* checking Rd metadata ... OK
* checking Rd cross-references ... OK
* checking for missing documentation entries ... OK
* checking for code/documentation mismatches ... OK
* checking Rd \usage sections ... OK
* checking Rd contents ... OK
* checking for unstated dependencies in examples ... OK
* checking R/sysdata.rda ... OK
* checking installed files from ‘inst/doc’ ... OK
* checking files in ‘vignettes’ ... OK
* checking examples ... [0s/0s] OK
* checking for unstated dependencies in ‘tests’ ... OK
* checking tests ... [2s/2s] OK
  Running ‘testthat.R’ [2s/2s]
* checking for unstated dependencies in vignettes ... OK
* checking package vignettes ... OK
* checking re-building of vignette outputs ... [5s/5s] OK
* checking PDF version of manual ... [3s/3s] OK
* DONE
Status: OK
* using check arguments '--no-clean-on-error '
* elapsed time (check, wall clock): 0:23
* result classification: OK, errors:no, warnings:no, notes:no
